[wp1.themexlab.com/html2/edinburgh/index.html]
[backblue.gif]
[fade.gif]
[index.html]
[wp1.themexlab.com/html2/edinburgh/css/common-style.css]
[wp1.themexlab.com/html2/edinburgh/css/responsive.css]
[wp1.themexlab.com/html2/edinburgh/index-2.html]
[wp1.themexlab.com/html2/edinburgh/images/logo/1.png]
[wp1.themexlab.com/html2/edinburgh/index-3.html]
[wp1.themexlab.com/html2/edinburgh/index-4.html]
[wp1.themexlab.com/html2/edinburgh/about.html]
[wp1.themexlab.com/html2/edinburgh/speakers.html]
[wp1.themexlab.com/html2/edinburgh/speaker-detrails.html]
[wp1.themexlab.com/html2/edinburgh/schedule.html]
[wp1.themexlab.com/html2/edinburgh/schedule-tab.html]
[wp1.themexlab.com/html2/edinburgh/schedule-details.html]
[wp1.themexlab.com/html2/edinburgh/blog.html]
[wp1.themexlab.com/html2/edinburgh/Gallery-1.html]
[wp1.themexlab.com/html2/edinburgh/pricing-table.html]
[wp1.themexlab.com/html2/edinburgh/payment-method.html]
[wp1.themexlab.com/html2/edinburgh/sponsors.html]
[wp1.themexlab.com/html2/edinburgh/single-blog.html]
[wp1.themexlab.com/html2/edinburgh/venue.html]
[wp1.themexlab.com/html2/edinburgh/contact-us.html]
[wp1.themexlab.com/html2/edinburgh/cart-page.html]
[wp1.themexlab.com/html2/edinburgh/images/main-slider/1.jpg]
[wp1.themexlab.com/html2/edinburgh/images/main-slider/2.jpg]
[wp1.themexlab.com/html2/edinburgh/images/main-slider/3.jpg]
[wp1.themexlab.com/html2/edinburgh/images/resource/1.jpg]
[wp1.themexlab.com/html2/edinburgh/images/resource/3.jpg]
[wp1.themexlab.com/html2/edinburgh/images/team/1.jpg]
[wp1.themexlab.com/html2/edinburgh/images/team/2.jpg]
[wp1.themexlab.com/html2/edinburgh/images/team/4.jpg]
[wp1.themexlab.com/html2/edinburgh/images/team/5.jpg]
[wp1.themexlab.com/html2/edinburgh/images/team/6.jpg]
[wp1.themexlab.com/html2/edinburgh/.menu-1]
[wp1.themexlab.com/html2/edinburgh/images/resource/a1.png]
[wp1.themexlab.com/html2/edinburgh/.menu-2]
[wp1.themexlab.com/html2/edinburgh/images/resource/a2.png]
[wp1.themexlab.com/html2/edinburgh/.menu-3]
[wp1.themexlab.com/html2/edinburgh/images/resource/a3.png]
[wp1.themexlab.com/html2/edinburgh/.28.delayed]
[wp1.themexlab.com/html2/edinburgh/images/resource/a4.png]
[wp1.themexlab.com/html2/edinburgh/images/resource/4.jpg]
[wp1.themexlab.com/html2/edinburgh/images/resource/5.jpg]
[wp1.themexlab.com/html2/edinburgh/images/resource/6.jpg]
[wp1.themexlab.com/html2/edinburgh/images/sponsors/2.png]
[wp1.themexlab.com/html2/edinburgh/images/sponsors/4.png]
[wp1.themexlab.com/html2/edinburgh/assets/bootstrap/js/bootstrap.min.js]
[wp1.themexlab.com/html2/edinburgh/assets/wow.js]
[wp1.themexlab.com/html2/edinburgh/assets/jquery/jquery-1.12.3.min.js]
[wp1.themexlab.com/html2/edinburgh/assets/owl.carousel-2/owl.carousel.min.js]
[wp1.themexlab.com/html2/edinburgh/assets/jquery.bxslider/jquery.bxslider.min.js]
[wp1.themexlab.com/html2/edinburgh/assets/jquery-validation/dist/jquery.validate.min.js]
[wp1.themexlab.com/html2/edinburgh/assets/gmaps.js]
[wp1.themexlab.com/html2/edinburgh/assets/jquery.mixitup.min.js]
[wp1.themexlab.com/html2/edinburgh/assets/jquery.countdown.min.js]
[wp1.themexlab.com/html2/edinburgh/assets/isotope.pkgd.min.js]
[wp1.themexlab.com/html2/edinburgh/assets/revolution/js/jquery.themepunch.revolution.min.js]
[wp1.themexlab.com/html2/edinburgh/assets/revolution/js/extensions/revolution.extension.actions.min.js]
[wp1.themexlab.com/html2/edinburgh/assets/jquery-ui-1.11.4/jquery-ui.js]
[wp1.themexlab.com/html2/edinburgh/assets/revolution/js/jquery.themepunch.tools.min.js]
[wp1.themexlab.com/html2/edinburgh/assets/revolution/js/extensions/revolution.extension.carousel.min.js]
[wp1.themexlab.com/html2/edinburgh/assets/masterslider/masterslider.js]
[wp1.themexlab.com/html2/edinburgh/assets/revolution/js/extensions/revolution.extension.layeranimation.min.js]
[wp1.themexlab.com/html2/edinburgh/assets/revolution/js/extensions/revolution.extension.migration.min.js]
[wp1.themexlab.com/html2/edinburgh/assets/revolution/js/extensions/revolution.extension.navigation.min.js]
[wp1.themexlab.com/html2/edinburgh/assets/revolution/js/extensions/revolution.extension.parallax.min.js]
[wp1.themexlab.com/html2/edinburgh/assets/revolution/js/extensions/revolution.extension.slideanims.min.js]
[wp1.themexlab.com/html2/edinburgh/assets/revolution/js/extensions/revolution.extension.video.min.js]
[wp1.themexlab.com/html2/edinburgh/assets/fancyapps-fancyBox/source/jquery.fancybox.pack.js]
[wp1.themexlab.com/html2/edinburgh/index.html]
[wp1.themexlab.com/html2/edinburgh/js/default-map-script.js]
[wp1.themexlab.com/html2/edinburgh/assets/scrollbar.js]
[wp1.themexlab.com/html2/edinburgh/assets/bootstrap/css/bootstrap.min.css]
[wp1.themexlab.com/html2/edinburgh/assets/font-awesome/css/font-awesome.min.css]
[wp1.themexlab.com/html2/edinburgh/assets/revolution/css/settings.css]
[wp1.themexlab.com/html2/edinburgh/assets/revolution/css/layers.css]
[wp1.themexlab.com/html2/edinburgh/assets/revolution/css/navigation.css]
[wp1.themexlab.com/html2/edinburgh/assets/jquery-ui-1.11.4/jquery-ui.css]
[wp1.themexlab.com/html2/edinburgh/assets/owl.carousel-2/assets/owl.carousel.css]
[wp1.themexlab.com/html2/edinburgh/assets/animate.css]
[wp1.themexlab.com/html2/edinburgh/assets/hover.css]
[wp1.themexlab.com/html2/edinburgh/assets/fancyapps-fancyBox/source/jquery.fancybox.css]
[wp1.themexlab.com/html2/edinburgh/assets/flaticon/flaticon.css]
[wp1.themexlab.com/html2/edinburgh/css/masterslider/style/masterslider.css]
[wp1.themexlab.com/html2/edinburgh/css/masterslider/skins/default/style.css]
[wp1.themexlab.com/html2/edinburgh/css/masterslider/style/ms-vertical.css]
[wp1.themexlab.com/html2/edinburgh/css/style.css]
[wp1.themexlab.com/html2/edinburgh/assets/fonts/vani/Vani.ttf]
[wp1.themexlab.com/html2/edinburgh/images/icons/preloader.gif]
[wp1.themexlab.com/html2/edinburgh/images/overly/about.png]
[wp1.themexlab.com/html2/edinburgh/css/common-style.css]
[wp1.themexlab.com/html2/edinburgh/css/responsive.css]
[wp1.themexlab.com/html2/edinburgh/index-2.html]
[wp1.themexlab.com/html2/edinburgh/images/main-slider/4.jpg]
[wp1.themexlab.com/html2/edinburgh/images/main-slider/5.jpg]
[wp1.themexlab.com/html2/edinburgh/images/resource/7.jpg]
[wp1.themexlab.com/html2/edinburgh/images/icons/2.png]
[wp1.themexlab.com/html2/edinburgh/images/resource/8.jpg]
[wp1.themexlab.com/html2/edinburgh/images/gallery/2.jpg]
[wp1.themexlab.com/html2/edinburgh/images/gallery/3.jpg]
[wp1.themexlab.com/html2/edinburgh/images/gallery/4.jpg]
[wp1.themexlab.com/html2/edinburgh/images/gallery/5.jpg]
[wp1.themexlab.com/html2/edinburgh/images/gallery/6.jpg]
[wp1.themexlab.com/html2/edinburgh/images/icons/play.png]
[wp1.themexlab.com/html2/edinburgh/css/masterslider/style/blank.gif]
[wp1.themexlab.com/html2/edinburgh/index-3.html]
[wp1.themexlab.com/html2/edinburgh/images/main-slider/6.jpg]
[wp1.themexlab.com/html2/edinburgh/images/sponsors/5.png]
[wp1.themexlab.com/html2/edinburgh/images/resource/t1.png]
[wp1.themexlab.com/html2/edinburgh/images/resource/t3.png]
[wp1.themexlab.com/html2/edinburgh/index-4.html]
[wp1.themexlab.com/html2/edinburgh/images/team/t1.jpg]
[wp1.themexlab.com/html2/edinburgh/images/team/t2.jpg]
[wp1.themexlab.com/html2/edinburgh/images/team/t3.jpg]
[wp1.themexlab.com/html2/edinburgh/images/team/t4.jpg]
[wp1.themexlab.com/html2/edinburgh/images/team/t5.jpg]
[wp1.themexlab.com/html2/edinburgh/images/team/t6.jpg]
[wp1.themexlab.com/html2/edinburgh/images/team/t7.jpg]
[wp1.themexlab.com/html2/edinburgh/images/team/t8.jpg]
[wp1.themexlab.com/html2/edinburgh/about.html]
[wp1.themexlab.com/html2/edinburgh/images/team/t9.jpg]
[wp1.themexlab.com/html2/edinburgh/images/team/t10.jpg]
[wp1.themexlab.com/html2/edinburgh/speakers.html]
[wp1.themexlab.com/html2/edinburgh/speaker-detrails.html]
[wp1.themexlab.com/html2/edinburgh/schedule.html]
[wp1.themexlab.com/html2/edinburgh/schedule-tab.html]
[wp1.themexlab.com/html2/edinburgh/images/team/7.jpg]
[wp1.themexlab.com/html2/edinburgh/schedule-details.html]
[wp1.themexlab.com/html2/edinburgh/images/resource/s2.jpg]
[wp1.themexlab.com/html2/edinburgh/blog-single.83.delayed]
[wp1.themexlab.com/html2/edinburgh/images/blog/1.jpg]
[wp1.themexlab.com/html2/edinburgh/images/blog/p2.jpg]
[wp1.themexlab.com/html2/edinburgh/images/blog/p3.jpg]
[wp1.themexlab.com/html2/edinburgh/blog.html]
[wp1.themexlab.com/html2/edinburgh/images/gallery/8.jpg]
[wp1.themexlab.com/html2/edinburgh/images/gallery/10.jpg]
[wp1.themexlab.com/html2/edinburgh/images/gallery/11.jpg]
[wp1.themexlab.com/html2/edinburgh/images/gallery/12.jpg]
[wp1.themexlab.com/html2/edinburgh/images/gallery/15.jpg]
[wp1.themexlab.com/html2/edinburgh/Gallery-1.html]
[wp1.themexlab.com/html2/edinburgh/pricing-table.html]
[wp1.themexlab.com/html2/edinburgh/payment-method.html]
[wp1.themexlab.com/html2/edinburgh/images/sponsors/6.png]
[wp1.themexlab.com/html2/edinburgh/sponsors.html]
[wp1.themexlab.com/html2/edinburgh/images/sponsors/7.png]
[wp1.themexlab.com/html2/edinburgh/images/blog/5.jpg]
[wp1.themexlab.com/html2/edinburgh/images/blog/6.jpg]
[wp1.themexlab.com/html2/edinburgh/images/blog/c1.jpg]
[wp1.themexlab.com/html2/edinburgh/images/blog/c2.jpg]
[wp1.themexlab.com/html2/edinburgh/images/blog/c3.jpg]
[wp1.themexlab.com/html2/edinburgh/single-blog.html]
[wp1.themexlab.com/html2/edinburgh/images/resource/9.jpg]
[wp1.themexlab.com/html2/edinburgh/images/icons/acco.png]
[wp1.themexlab.com/html2/edinburgh/images/resource/10.jpg]
[wp1.themexlab.com/html2/edinburgh/images/resource/11.jpg]
[wp1.themexlab.com/html2/edinburgh/images/resource/12.jpg]
[wp1.themexlab.com/html2/edinburgh/venue.html]
[wp1.themexlab.com/html2/edinburgh/contact-us.html]
[wp1.themexlab.com/html2/edinburgh/cart-page.html]
[wp1.themexlab.com/html2/edinburgh/images/resource/2.jpg]
[wp1.themexlab.com/html2/edinburgh/speaker-details.html]
[wp1.themexlab.com/html2/edinburgh/.html]
[wp1.themexlab.com/html2/edinburgh/-2.html]
[wp1.themexlab.com/html2/edinburgh/-3.html]
[wp1.themexlab.com/html2/edinburgh/-4.html]
[wp1.themexlab.com/html2/edinburgh/images/team/3.jpg]
[wp1.themexlab.com/html2/edinburgh/images/sponsors/1.png]
[wp1.themexlab.com/html2/edinburgh/images/sponsors/3.png]
[wp1.themexlab.com/html2/edinburgh/assets/revolution/js/extensions/revolution.extension.kenburn.min.js]
[wp1.themexlab.com/html2/edinburgh/js/script.js]
[wp1.themexlab.com/html2/edinburgh/assets/bootstrap/fonts/glyphicons-halflings-regular.eot]
[wp1.themexlab.com/html2/edinburgh/assets/bootstrap/fonts/glyphicons-halflings-regulard41d.eot]
[wp1.themexlab.com/html2/edinburgh/assets/bootstrap/fonts/glyphicons-halflings-regular.woff]
[wp1.themexlab.com/html2/edinburgh/assets/bootstrap/fonts/glyphicons-halflings-regular.ttf]
[wp1.themexlab.com/html2/edinburgh/assets/bootstrap/css/bootstrap.min.css]
[wp1.themexlab.com/html2/edinburgh/assets/font-awesome/fonts/fontawesome-webfont3295.eot]
[wp1.themexlab.com/html2/edinburgh/assets/font-awesome/fonts/fontawesome-webfont3295.woff]
[wp1.themexlab.com/html2/edinburgh/assets/font-awesome/css/font-awesome.min.css]
[wp1.themexlab.com/html2/edinburgh/assets/revolution/fonts/revicons/revicons90c6.woff]
[wp1.themexlab.com/html2/edinburgh/assets/revolution/fonts/revicons/revicons90c6.ttf]
[wp1.themexlab.com/html2/edinburgh/assets/revolution/assets/gridtile.png]
[wp1.themexlab.com/html2/edinburgh/assets/revolution/assets/gridtile_3x3.png]
[wp1.themexlab.com/html2/edinburgh/assets/revolution/assets/gridtile_3x3_white.png]
[wp1.themexlab.com/html2/edinburgh/assets/revolution/assets/coloredbg.png]
[wp1.themexlab.com/html2/edinburgh/assets/revolution/css/settings.css]
[wp1.themexlab.com/html2/edinburgh/assets/revolution/css/layers.css]
[wp1.themexlab.com/html2/edinburgh/assets/revolution/css/navigation.css]
[wp1.themexlab.com/html2/edinburgh/assets/revolution/assets/loader.gif]
[wp1.themexlab.com/html2/edinburgh/assets/jquery-ui-1.11.4/images/ui-bg_diagonals-thick_15_0b3e6f_40x40.png]
[wp1.themexlab.com/html2/edinburgh/assets/jquery-ui-1.11.4/images/ui-bg_dots-small_20_333333_2x2.png]
[wp1.themexlab.com/html2/edinburgh/assets/jquery-ui-1.11.4/images/ui-bg_dots-small_40_00498f_2x2.png]
[wp1.themexlab.com/html2/edinburgh/assets/jquery-ui-1.11.4/images/ui-bg_dots-medium_30_0b58a2_4x4.png]
[wp1.themexlab.com/html2/edinburgh/assets/jquery-ui-1.11.4/images/ui-bg_dots-small_30_a32d00_2x2.png]
[wp1.themexlab.com/html2/edinburgh/assets/jquery-ui-1.11.4/images/ui-icons_9ccdfc_256x240.png]
[wp1.themexlab.com/html2/edinburgh/assets/jquery-ui-1.11.4/images/ui-icons_98d2fb_256x240.png]
[wp1.themexlab.com/html2/edinburgh/assets/jquery-ui-1.11.4/images/ui-icons_ffffff_256x240.png]
[wp1.themexlab.com/html2/edinburgh/assets/jquery-ui-1.11.4/jquery-ui.css]
[wp1.themexlab.com/html2/edinburgh/assets/jquery-ui-1.11.4/images/ui-icons_00498f_256x240.png]
[wp1.themexlab.com/html2/edinburgh/assets/owl.carousel-2/assets/owl.video.play.png]
[wp1.themexlab.com/html2/edinburgh/assets/owl.carousel-2/assets/owl.carousel.css]
[wp1.themexlab.com/html2/edinburgh/assets/icomoon/fonts/icomoond688.eot]
[wp1.themexlab.com/html2/edinburgh/assets/icomoon/fonts/icomoond688.ttf]
[wp1.themexlab.com/html2/edinburgh/assets/icomoon/fonts/icomoond688.woff]
[wp1.themexlab.com/html2/edinburgh/assets/icomoon/style.css]
[wp1.themexlab.com/html2/edinburgh/assets/animate.css]
[wp1.themexlab.com/html2/edinburgh/assets/hover.css]
[wp1.themexlab.com/html2/edinburgh/assets/fancyapps-fancyBox/source/fancybox_sprite.png]
[wp1.themexlab.com/html2/edinburgh/assets/fancyapps-fancyBox/source/fancybox_loading.gif]
[wp1.themexlab.com/html2/edinburgh/assets/fancyapps-fancyBox/source/blank.gif]
[wp1.themexlab.com/html2/edinburgh/assets/fancyapps-fancyBox/source/fancybox_overlay.png]
[wp1.themexlab.com/html2/edinburgh/assets/fancyapps-fancyBox/source/fancybox_sprite@2x.png]
[wp1.themexlab.com/html2/edinburgh/assets/fancyapps-fancyBox/source/jquery.fancybox.css]
[wp1.themexlab.com/html2/edinburgh/assets/jquery.bxslider/jquery.bxslider.css]
[wp1.themexlab.com/html2/edinburgh/assets/fancyapps-fancyBox/source/fancybox_loading@2x.gif]
[wp1.themexlab.com/html2/edinburgh/assets/flaticon/Flaticon.eot]
[wp1.themexlab.com/html2/edinburgh/assets/flaticon/Flaticond41d.eot]
[wp1.themexlab.com/html2/edinburgh/assets/flaticon/Flaticon.woff]
[wp1.themexlab.com/html2/edinburgh/assets/flaticon/Flaticon.ttf]
[wp1.themexlab.com/html2/edinburgh/assets/flaticon/flaticon.css]
[wp1.themexlab.com/html2/edinburgh/css/masterslider/style/loading-2.gif]
[wp1.themexlab.com/html2/edinburgh/css/masterslider/style/grab.png]
[wp1.themexlab.com/html2/edinburgh/css/masterslider/style/grabbing.png]
[wp1.themexlab.com/html2/edinburgh/css/masterslider/style/masterslider.css]
[wp1.themexlab.com/html2/edinburgh/css/masterslider/style/video-close-btn.png]
[wp1.themexlab.com/html2/edinburgh/css/masterslider/skins/default/light-skin-1.png]
[wp1.themexlab.com/html2/edinburgh/css/masterslider/skins/default/style.css]
[wp1.themexlab.com/html2/edinburgh/css/masterslider/skins/default/light-skin-1-retina.png]
[wp1.themexlab.com/html2/edinburgh/css/masterslider/style/ms-vertical.css]
[wp1.themexlab.com/html2/edinburgh/css/masterslider/style/arrow.png]
[wp1.themexlab.com/html2/edinburgh/images/icons/submenu-icon.png]
[wp1.themexlab.com/html2/edinburgh/images/overly/slider-1.png]
[wp1.themexlab.com/html2/edinburgh/images/overly/slider-2.png]
[wp1.themexlab.com/html2/edinburgh/images/overly/slider-3.png]
[wp1.themexlab.com/html2/edinburgh/images/overly/slider-4.png]
[wp1.themexlab.com/html2/edinburgh/images/overly/slider-5.db.delayed]
[wp1.themexlab.com/html2/edinburgh/images/overly/team.png]
[wp1.themexlab.com/html2/edinburgh/images/overly/team-2.png]
[wp1.themexlab.com/html2/edinburgh/images/overly/daily-event.png]
[wp1.themexlab.com/html2/edinburgh/images/overly/buy-ticket.png]
[wp1.themexlab.com/html2/edinburgh/images/overly/1.jpg]
[wp1.themexlab.com/html2/edinburgh/css/style.css]
[wp1.themexlab.com/html2/edinburgh/images/background/5.jpg]
[wp1.themexlab.com/html2/edinburgh/images/overly/about.html]
[wp1.themexlab.com/html2/edinburgh/images/gallery/1.jpg]
[wp1.themexlab.com/html2/edinburgh/images/gallery/7.jpg]
[wp1.themexlab.com/html2/edinburgh/images/resource/t2.png]
[wp1.themexlab.com/html2/edinburgh/images/team/t11.jpg]
[wp1.themexlab.com/html2/edinburgh/images/resource/t10.jpg]
[wp1.themexlab.com/html2/edinburgh/blog-single.html]
[wp1.themexlab.com/html2/edinburgh/images/blog/p1.jpg]
[wp1.themexlab.com/html2/edinburgh/images/gallery/9.jpg]
[wp1.themexlab.com/html2/edinburgh/images/gallery/14.jpg]
[wp1.themexlab.com/html2/edinburgh/speaker-details.html]
[wp1.themexlab.com/html2/edinburgh/assets/bootstrap/fonts/glyphicons-halflings-regular.html]
[wp1.themexlab.com/html2/edinburgh/assets/bootstrap/fonts/glyphicons-halflings-regular.svg]
[wp1.themexlab.com/html2/edinburgh/pages.html]
[wp1.themexlab.com/html2/edinburgh/assets/font-awesome/fonts/fontawesome-webfont3295.html]
[wp1.themexlab.com/html2/edinburgh/assets/font-awesome/fonts/fontawesome-webfontd41d.eot]
[wp1.themexlab.com/html2/edinburgh/assets/font-awesome/fonts/fontawesome-webfont3295.ttf]
[wp1.themexlab.com/html2/edinburgh/assets/font-awesome/fonts/fontawesome-webfont3295.svg]
[wp1.themexlab.com/html2/edinburgh/assets/revolution/fonts/revicons/revicons90c6.eot]
[wp1.themexlab.com/html2/edinburgh/assets/revolution/fonts/revicons/revicons90c6.svg]
[wp1.themexlab.com/html2/edinburgh/assets/revolution/css/openhand.html]
[wp1.themexlab.com/html2/edinburgh/assets/revolution/css/closedhand.html]
[wp1.themexlab.com/html2/edinburgh/assets/revolution/assets/gridtile_white.png]
[wp1.themexlab.com/html2/edinburgh/assets/owl.carousel-2/assets/owl.video.play.html]
[wp1.themexlab.com/html2/edinburgh/assets/icomoon/fonts/icomoond688.svg]
[wp1.themexlab.com/html2/edinburgh/assets/flaticon/Flaticon.svg]
[wp1.themexlab.com/html2/edinburgh/images/overly/slider-5.html]
[wp1.themexlab.com/html2/edinburgh/assets/jquery-ui-1.11.4/images/ui-bg_gloss-wave_20_111111_500x100.png]
[wp1.themexlab.com/html2/edinburgh/images/gallery/13.jpg]
[wp1.themexlab.com/html2/edinburgh/images/background/1.jpg]
[wp1.themexlab.com/html2/edinburgh/images/gallery/16.jpg]
[wp1.themexlab.com/html2/edinburgh/pages.html]
[wp1.themexlab.com/html2/edinburgh/images/background/1.jpg]
[wp1.themexlab.com/html2/edinburgh/images/overly/blog.png]
